gcc -g p2original.c -lm
 ./a.out
enter the values of x,y
2
4
enter the values of x,y
6
8
enter the values of x,y
10
12
the points (2.000000,4.000000),(6.000000,8.000000)&(10.000000,12.000000) do not form a triangle
 gdb a.out
GNU gdb (Ubuntu 8.1.1-0ubuntu1) 8.1.1
Copyright (C) 2018 Free Software Foundation, Inc.
License GPLv3+: GNU GPL version 3 or later <http://gnu.org/licenses/gpl.html>
This is free software: you are free to change and redistribute it.
There is NO WARRANTY, to the extent permitted by law.  Type "show copying"
and "show warranty" for details.
This GDB was configured as "x86_64-linux-gnu".
Type "show configuration" for configuration details.
For bug reporting instructions, please see:
<http://www.gnu.org/software/gdb/bugs/>.
Find the GDB manual and other documentation resources online at:
<http://www.gnu.org/software/gdb/documentation/>.
For help, type "help".
Type "apropos word" to search for commands related to "word"...
Reading symbols from a.out...done.
(gdb) b main
Breakpoint 1 at 0xa2e: file p2original.c, line 27.
(gdb) r
Starting program: /home/runner/Test2Session1/a.out 
warning: Error disabling address space randomization: Operation not permitted

Breakpoint 1, main () at p2original.c:27
warning: Source file is more recent than executable.
27  {
(gdb) n
29    input_line(&x1,&y1);
(gdb) s
input_line (x1=0x7ffda062f9fc, y1=0x7ffda062fa08) at p2original.c:5
5      printf("enter the values of x,y\n");
(gdb) n
enter the values of x,y
6     scanf("%f%f",x1,y1);
(gdb) n
2
4
7   }
(gdb) n
main () at p2original.c:30
30    input_line(&x2,&y2);
(gdb) s
input_line (x1=0x7ffda062fa00, y1=0x7ffda062fa0c) at p2original.c:5
5      printf("enter the values of x,y\n");
(gdb) n
enter the values of x,y
6     scanf("%f%f",x1,y1);
(gdb) n
6
8
7   }
(gdb) n
main () at p2original.c:31
31    input_line(&x3,&y3);
(gdb) s
input_line (x1=0x7ffda062fa04, y1=0x7ffda062fa10) at p2original.c:5
5      printf("enter the values of x,y\n");
(gdb) n
enter the values of x,y
6     scanf("%f%f",x1,y1);
(gdb) n
10
12
7   }
(gdb) n
main () at p2original.c:32
32    int a=is_triangle(x1,y1,x2,y2,x3,y3);
(gdb) s
is_triangle (x1=2, y1=4, x2=6, y2=8, x3=10, y3=12) at p2original.c:11
11    a=sqrt(pow((x2-x1),2)+pow((y2-y1),2));
(gdb) n
12    b=sqrt(pow((x3-x2),2)+pow((y3-y2),2));
(gdb) n
13    c=sqrt(pow((x1-x3),2)+pow((y1-y3),2));
(gdb) n
14    if((a+b)>c && (b+c)>a && (c+a)>b)
(gdb) n
17      return 0;
(gdb) n
18  }
(gdb) n
main () at p2original.c:33
33    output(x1,y1,x2,y2,x3,y3,a);
(gdb) s
output (x1=2, y1=4, x2=6, y2=8, x3=10, y3=12, istriangle=0) at p2original.c:21
21    if (istriangle == 1)
(gdb) n
24      printf("the points (%f,%f),(%f,%f)&(%f,%f) do not form a triangle\n",x1,y1,x2,y2,x3,y3);
(gdb) n
the points (2.000000,4.000000),(6.000000,8.000000)&(10.000000,12.000000) do not form a triangle
25  }
(gdb) n
main () at p2original.c:34
34    return 0;
(gdb) n
35  }(gdb) n
__libc_start_main (main=0x5636d8200a26 <main>, argc=1, argv=0x7ffda062fb08, 
    init=<optimized out>, fini=<optimized out>, rtld_fini=<optimized out>, 
    stack_end=0x7ffda062faf8) at ../csu/libc-start.c:344
344 ../csu/libc-start.c: No such file or directory.
(gdb) c
Continuing.
[Inferior 1 (process 1213) exited normally]